   Γû▓ Next.js 14.0.4
   - Environments: .env.local

   Creating an optimized production build ...
 Γ£ô Compiled successfully
   Linting and checking validity of types ...
   Collecting page data ...
   Generating static pages (0/33) ...

   Generating static pages (8/33) 
node :  ΓÜá Entire page /test/session deopted into client-side rendering. 
https://nextjs.org/docs/messages/deopted-into-client-rendering /test/session
At line:1 char:153
+ ... ntlyContinue; node node_modules/next/dist/bin/next build 2>&1 | Tee-O ...
+                   ~~~~~~~~~~~~~~~~~~~~~~~~~~~~~~~~~~~~~~~~~~~~~~~
    + CategoryInfo          : NotSpecified: ( ΓÜá Entire pag...g /test/session: 
   String) [], RemoteException
    + FullyQualifiedErrorId : NativeCommandError
 

   Generating static pages (16/33) 

   Generating static pages (24/33) 

 Γ£ô Generating static pages (33/33) 
   Finalizing page optimization ...
   Collecting build traces ...

Route (app)                              Size     First Load JS
Γöî Γùï /                                    6 kB            103 kB
Γö£ Γùï /_not-found                          875 B            83 kB
Γö£ Γùï /ai/cognitive-profile                5.72 kB         188 kB
Γö£ Γùï /ai/guided-explanations              7.75 kB        89.9 kB
Γö£ Γùï /ai/revision-mode                    5.21 kB        87.3 kB
Γö£ Γùï /analytics                           15.3 kB         222 kB
Γö£ Γùï /analytics/errors                    3.53 kB         217 kB
Γö£ Γùï /analytics/performance               3.66 kB         217 kB
Γö£ Γùï /analytics/recall                    4.77 kB         118 kB
Γö£ Γùï /bookmarks                           6.03 kB         119 kB
Γö£ Γùï /dashboard                           6.78 kB         127 kB
Γö£ Γùï /exams                               4.21 kB        96.2 kB
Γö£ Γùï /forgot-password                     4.19 kB         101 kB
Γö£ Γùï /login                               4.78 kB         132 kB
Γö£ Γùï /monetization                        4.64 kB        96.6 kB
Γö£ ╬╗ /onboarding/country                  3.99 kB         124 kB
Γö£ ╬╗ /onboarding/exam                     3.81 kB        95.7 kB
Γö£ ╬╗ /onboarding/payment                  4.74 kB        96.6 kB
Γö£ ╬╗ /onboarding/payment-premium          3.48 kB         121 kB
Γö£ ╬╗ /onboarding/premium-packages         2.2 kB          120 kB
Γö£ ╬╗ /onboarding/subscription             4.49 kB        96.4 kB
Γö£ ╬╗ /onboarding/success                  3.81 kB         117 kB
Γö£ ╬╗ /onboarding/university               4.44 kB         125 kB
Γö£ Γùï /post-exam-feedback                  4.64 kB        96.6 kB
Γö£ Γùï /question-bank                       2.18 kB         155 kB
Γö£ Γùï /register                            5.11 kB         132 kB
Γö£ Γùï /settings                            10.1 kB         127 kB
Γö£ Γùï /test                                4.72 kB         150 kB
Γö£ Γùï /test/session                        8.04 kB         102 kB
Γö£ Γùï /ux-settings                         2.81 kB        87.7 kB
Γöö Γùï /wellness                            4.05 kB          96 kB
+ First Load JS shared by all            82.1 kB
  Γö£ chunks/4938-c1de96f5086f944c.js      26.8 kB
  Γö£ chunks/fd9d1056-5a7bc6a9621597b2.js  53.3 kB
  Γö£ chunks/main-app-bff589e8b483eb91.js  227 B
  Γöö chunks/webpack-66d14fc7d9011c4e.js   1.8 kB


Γùï  (Static)   prerendered as static content
╬╗  (Dynamic)  server-rendered on demand using Node.js

